<?xml version="1.0" encoding="utf-8"?><testsuites><testsuite errors="0" failures="0" hostname="TMAJJIGA-M-91HZ" name="pytest" skipped="0" tests="2" time="25.131" timestamp="2020-07-31T14:54:26.071954"><testcase classname="test_HomePage.TestHomePage" file="test_HomePage.py" line="12" name="test_formSubmission[getData0]" time="8.523"></testcase><testcase classname="test_e2e.TestOne" file="test_e2e.py" line="15" name="test_e2e" time="16.335"></testcase></testsuite></testsuites>